// Jest Snapshot v1, https://goo.gl/fbAQLP

exports[`CreateTask should render my component 1`] = `
"<Fragment>
  <div className=\\"task-detail\\">
    No Task
  </div>
</Fragment>"
`;

exports[`StastusData should render my component 1`] = `
"<Fragment>
  <div className=\\"task-detail\\">
    No Task
  </div>
</Fragment>"
`;
