// Jest Snapshot v1, https://goo.gl/fbAQLP

exports[`CreateTask should render my component 1`] = `
"<div className=\\"form\\" id=\\"create-form\\">
  <form onSubmit={[Function: submitForm]}>
    <Toaster position=\\"top-center\\" reverseOrder={false} />
    <div data-testid=\\"todo-1\\" className=\\"form__control\\">
      <input value=\\"\\" onChange={[Function: handleChange]} type=\\"text\\" name=\\"task\\" placeholder=\\"Add a Task...\\" />
    </div>
    <div className=\\"form__control\\">
      <input type=\\"text\\" name=\\"description\\" value=\\"\\" onChange={[Function: handleChange]} placeholder=\\"Description\\" />
    </div>
    <div className=\\"form__control\\">
      <select name=\\"status\\" id=\\"status\\" value=\\"pending\\" onChange={[Function: statusChange]}>
        <option value=\\"pending\\">
          Pending
        </option>
        <option value=\\"under-process\\">
          Under Process
        </option>
        <option value=\\"completed\\">
          Completed
        </option>
      </select>
    </div>
    <div className=\\"form__control\\">
      <input type=\\"submit\\" className=\\"btn btn-default\\" id=\\"submit-btn\\" value=\\"Add Task\\" />
    </div>
  </form>
</div>"
`;
